// Vitest Snapshot v1, https://vitest.dev/guide/snapshot.html

exports[`renders login 1`] = `
<div>
  <div
    class="login"
  >
    Pour vous connecter, cliquez sur le bouton juste en dessous, l√†: 
    <br />
     
    <br />
    <button
      class="primary"
    >
      Connexion
    </button>
  </div>
</div>
`;
